Category: 🌊港·澳·台, Name: 翡翠台, Total: 9, Valid: 0, Valid Percent: 0.00%, IPv4: 9, IPv6: 0, Min Delay: -1 ms, Max Speed: 0.00 M/s, Avg Speed: 0.00 M/s, Max Resolution: 1920x1080
Category: 🌊港·澳·台, Name: 明珠台, Total: 2, Valid: 1, Valid Percent: 50.00%, IPv4: 2, IPv6: 0, Min Delay: 5106 ms, Max Speed: 0.08 M/s, Avg Speed: 0.08 M/s, Max Resolution: 1920x1080
Category: 🌊港·澳·台, Name: 凤凰资讯, Total: 11, Valid: 5, Valid Percent: 45.45%, IPv4: 11, IPv6: 0, Min Delay: 400 ms, Max Speed: 0.64 M/s, Avg Speed: 0.33 M/s, Max Resolution: 1920x1080
Category: 🌊港·澳·台, Name: 三立新闻, Total: 1, Valid: 0, Valid Percent: 0.00%, IPv4: 1, IPv6: 0, Min Delay: -1 ms, Max Speed: 0.00 M/s, Avg Speed: 0.00 M/s, Max Resolution: None
Category: 🌊港·澳·台, Name: 东森综合, Total: 1, Valid: 0, Valid Percent: 0.00%, IPv4: 1, IPv6: 0, Min Delay: -1 ms, Max Speed: 0.00 M/s, Avg Speed: 0.00 M/s, Max Resolution: None
Category: 🌊港·澳·台, Name: 纬来体育, Total: 2, Valid: 0, Valid Percent: 0.00%, IPv4: 2, IPv6: 0, Min Delay: -1 ms, Max Speed: 0.00 M/s, Avg Speed: 0.00 M/s, Max Resolution: 1280x720
Category: 🌊港·澳·台, Name: 凤凰中文, Total: 14, Valid: 4, Valid Percent: 28.57%, IPv4: 14, IPv6: 0, Min Delay: 405 ms, Max Speed: 0.50 M/s, Avg Speed: 0.23 M/s, Max Resolution: 1920x1080
Category: 🌊港·澳·台, Name: 东森超视, Total: 2, Valid: 1, Valid Percent: 50.00%, IPv4: 2, IPv6: 0, Min Delay: 797 ms, Max Speed: 1.32 M/s, Avg Speed: 1.32 M/s, Max Resolution: 1920x1080
Category: 🌊港·澳·台, Name: 东森电影, Total: 2, Valid: 0, Valid Percent: 0.00%, IPv4: 2, IPv6: 0, Min Delay: -1 ms, Max Speed: 0.00 M/s, Avg Speed: 0.00 M/s, Max Resolution: None
Category: 🌊港·澳·台, Name: 靖天资讯, Total: 3, Valid: 0, Valid Percent: 0.00%, IPv4: 3, IPv6: 0, Min Delay: -1 ms, Max Speed: 0.00 M/s, Avg Speed: 0.00 M/s, Max Resolution: None
Category: 🌊港·澳·台, Name: 香港卫视, Total: 7, Valid: 1, Valid Percent: 14.29%, IPv4: 7, IPv6: 0, Min Delay: 5042 ms, Max Speed: 0.16 M/s, Avg Speed: 0.16 M/s, Max Resolution: 1280x720
Category: 🌊港·澳·台, Name: 星卫娱乐, Total: 2, Valid: 1, Valid Percent: 50.00%, IPv4: 2, IPv6: 0, Min Delay: 5008 ms, Max Speed: 0.06 M/s, Avg Speed: 0.06 M/s, Max Resolution: 1920x1080
Category: 🌊港·澳·台, Name: 凤凰香港, Total: 6, Valid: 3, Valid Percent: 50.00%, IPv4: 6, IPv6: 0, Min Delay: 399 ms, Max Speed: 0.61 M/s, Avg Speed: 0.47 M/s, Max Resolution: 1280x720
Category: 🌊港·澳·台, Name: 纬来育乐, Total: 6, Valid: 0, Valid Percent: 0.00%, IPv4: 6, IPv6: 0, Min Delay: -1 ms, Max Speed: 0.00 M/s, Avg Speed: 0.00 M/s, Max Resolution: 1280x720
Category: 🌊港·澳·台, Name: TVBS亚洲, Total: 5, Valid: 4, Valid Percent: 80.00%, IPv4: 5, IPv6: 0, Min Delay: 850 ms, Max Speed: 1.76 M/s, Avg Speed: 1.37 M/s, Max Resolution: 1920x1080
Category: ☘️广东频道, Name: 广东珠江, Total: 16, Valid: 13, Valid Percent: 81.25%, IPv4: 16, IPv6: 0, Min Delay: 777 ms, Max Speed: 4.18 M/s, Avg Speed: 2.07 M/s, Max Resolution: 1920x1080
Category: ☘️广东频道, Name: 广东体育, Total: 13, Valid: 9, Valid Percent: 69.23%, IPv4: 13, IPv6: 0, Min Delay: 785 ms, Max Speed: 4.15 M/s, Avg Speed: 1.52 M/s, Max Resolution: 1920x1080
Category: ☘️广东频道, Name: 广东新闻, Total: 7, Valid: 4, Valid Percent: 57.14%, IPv4: 7, IPv6: 0, Min Delay: 617 ms, Max Speed: 2.05 M/s, Avg Speed: 1.99 M/s, Max Resolution: 1280x720
Category: ☘️广东频道, Name: 广东民生, Total: 4, Valid: 2, Valid Percent: 50.00%, IPv4: 4, IPv6: 0, Min Delay: 611 ms, Max Speed: 1.67 M/s, Avg Speed: 0.86 M/s, Max Resolution: 1920x1080
Category: ☘️广东频道, Name: 广东卫视, Total: 44, Valid: 19, Valid Percent: 43.18%, IPv4: 44, IPv6: 0, Min Delay: 130 ms, Max Speed: 41.45 M/s, Avg Speed: 3.36 M/s, Max Resolution: 1920x1080
Category: ☘️广东频道, Name: 广州综合, Total: 7, Valid: 7, Valid Percent: 100.00%, IPv4: 7, IPv6: 0, Min Delay: 1422 ms, Max Speed: 0.54 M/s, Avg Speed: 0.43 M/s, Max Resolution: 1280x720
Category: ☘️广东频道, Name: 大湾区卫视, Total: 9, Valid: 5, Valid Percent: 55.56%, IPv4: 9, IPv6: 0, Min Delay: 862 ms, Max Speed: 5.69 M/s, Avg Speed: 4.42 M/s, Max Resolution: 1920x1080
Category: ☘️广东频道, Name: 广州影视, Total: 1, Valid: 0, Valid Percent: 0.00%, IPv4: 1, IPv6: 0, Min Delay: -1 ms, Max Speed: 0.00 M/s, Avg Speed: 0.00 M/s, Max Resolution: None
Category: ☘️广东频道, Name: 深圳卫视, Total: 37, Valid: 25, Valid Percent: 67.57%, IPv4: 37, IPv6: 0, Min Delay: 430 ms, Max Speed: 4.88 M/s, Avg Speed: 1.37 M/s, Max Resolution: 1920x1080
Category: 📺央视频道, Name: CCTV-1, Total: 55, Valid: 21, Valid Percent: 38.18%, IPv4: 55, IPv6: 0, Min Delay: 651 ms, Max Speed: 2.25 M/s, Avg Speed: 0.84 M/s, Max Resolution: 1920x1080
Category: 📺央视频道, Name: CCTV-2, Total: 56, Valid: 27, Valid Percent: 48.21%, IPv4: 56, IPv6: 0, Min Delay: 435 ms, Max Speed: 4.73 M/s, Avg Speed: 1.79 M/s, Max Resolution: 1920x1080
Category: 📺央视频道, Name: CCTV-3, Total: 54, Valid: 22, Valid Percent: 40.74%, IPv4: 54, IPv6: 0, Min Delay: 843 ms, Max Speed: 4.62 M/s, Avg Speed: 0.95 M/s, Max Resolution: 1920x1080
Category: 📺央视频道, Name: CCTV-4, Total: 60, Valid: 24, Valid Percent: 40.00%, IPv4: 60, IPv6: 0, Min Delay: 429 ms, Max Speed: 5.36 M/s, Avg Speed: 1.43 M/s, Max Resolution: 1920x1080
Category: 📺央视频道, Name: CCTV-5, Total: 63, Valid: 30, Valid Percent: 47.62%, IPv4: 63, IPv6: 0, Min Delay: 120 ms, Max Speed: 3.38 M/s, Avg Speed: 0.77 M/s, Max Resolution: 1920x1080
Category: 📺央视频道, Name: CCTV-5+, Total: 28, Valid: 11, Valid Percent: 39.29%, IPv4: 28, IPv6: 0, Min Delay: 426 ms, Max Speed: 3.32 M/s, Avg Speed: 0.41 M/s, Max Resolution: 1920x1080
Category: 📺央视频道, Name: CCTV-6, Total: 55, Valid: 26, Valid Percent: 47.27%, IPv4: 55, IPv6: 0, Min Delay: 410 ms, Max Speed: 2.71 M/s, Avg Speed: 1.26 M/s, Max Resolution: 1920x1080
Category: 📺央视频道, Name: CCTV-7, Total: 48, Valid: 22, Valid Percent: 45.83%, IPv4: 48, IPv6: 0, Min Delay: 648 ms, Max Speed: 4.47 M/s, Avg Speed: 1.20 M/s, Max Resolution: 1920x1080
Category: 📺央视频道, Name: CCTV-8, Total: 53, Valid: 26, Valid Percent: 49.06%, IPv4: 53, IPv6: 0, Min Delay: 547 ms, Max Speed: 2.26 M/s, Avg Speed: 0.89 M/s, Max Resolution: 1920x1080
Category: 📺央视频道, Name: CCTV-9, Total: 52, Valid: 23, Valid Percent: 44.23%, IPv4: 52, IPv6: 0, Min Delay: 735 ms, Max Speed: 5.61 M/s, Avg Speed: 1.03 M/s, Max Resolution: 1920x1080
Category: 📺央视频道, Name: CCTV-10, Total: 57, Valid: 28, Valid Percent: 49.12%, IPv4: 57, IPv6: 0, Min Delay: 433 ms, Max Speed: 2.59 M/s, Avg Speed: 0.80 M/s, Max Resolution: 1920x1080
Category: 📺央视频道, Name: CCTV-11, Total: 48, Valid: 22, Valid Percent: 45.83%, IPv4: 48, IPv6: 0, Min Delay: 452 ms, Max Speed: 4.89 M/s, Avg Speed: 0.91 M/s, Max Resolution: 1920x1080
Category: 📺央视频道, Name: CCTV-12, Total: 44, Valid: 20, Valid Percent: 45.45%, IPv4: 44, IPv6: 0, Min Delay: 583 ms, Max Speed: 5.63 M/s, Avg Speed: 1.31 M/s, Max Resolution: 1920x1080
Category: 📺央视频道, Name: CCTV-13, Total: 44, Valid: 19, Valid Percent: 43.18%, IPv4: 44, IPv6: 0, Min Delay: 567 ms, Max Speed: 5.07 M/s, Avg Speed: 1.04 M/s, Max Resolution: 1920x1080
Category: 📺央视频道, Name: CCTV-14, Total: 45, Valid: 20, Valid Percent: 44.44%, IPv4: 45, IPv6: 0, Min Delay: 651 ms, Max Speed: 5.02 M/s, Avg Speed: 1.91 M/s, Max Resolution: 1920x1080
Category: 📺央视频道, Name: CCTV-15, Total: 49, Valid: 20, Valid Percent: 40.82%, IPv4: 49, IPv6: 0, Min Delay: 724 ms, Max Speed: 5.17 M/s, Avg Speed: 1.62 M/s, Max Resolution: 1920x1080
Category: 📺央视频道, Name: CCTV-16, Total: 25, Valid: 16, Valid Percent: 64.00%, IPv4: 25, IPv6: 0, Min Delay: 465 ms, Max Speed: 5.43 M/s, Avg Speed: 1.22 M/s, Max Resolution: 1920x1080
Category: 📺央视频道, Name: CCTV-17, Total: 38, Valid: 21, Valid Percent: 55.26%, IPv4: 38, IPv6: 0, Min Delay: 71 ms, Max Speed: 77.56 M/s, Avg Speed: 6.84 M/s, Max Resolution: 1920x1080
Category: 📺央视频道, Name: CETV-1, Total: 54, Valid: 9, Valid Percent: 16.67%, IPv4: 54, IPv6: 0, Min Delay: 336 ms, Max Speed: 5.77 M/s, Avg Speed: 2.43 M/s, Max Resolution: 1920x1080
Category: 📺央视频道, Name: CETV-2, Total: 35, Valid: 4, Valid Percent: 11.43%, IPv4: 35, IPv6: 0, Min Delay: 939 ms, Max Speed: 5.64 M/s, Avg Speed: 4.21 M/s, Max Resolution: 1280x720
Category: 📺央视频道, Name: CETV-3, Total: 6, Valid: 4, Valid Percent: 66.67%, IPv4: 6, IPv6: 0, Min Delay: 635 ms, Max Speed: 3.42 M/s, Avg Speed: 2.65 M/s, Max Resolution: 1280x720
Category: 📺央视频道, Name: CETV-4, Total: 42, Valid: 4, Valid Percent: 9.52%, IPv4: 42, IPv6: 0, Min Delay: 880 ms, Max Speed: 5.90 M/s, Avg Speed: 4.04 M/s, Max Resolution: 1280x720
Category: 📡卫视频道, Name: 浙江卫视, Total: 38, Valid: 18, Valid Percent: 47.37%, IPv4: 38, IPv6: 0, Min Delay: 808 ms, Max Speed: 5.21 M/s, Avg Speed: 2.24 M/s, Max Resolution: 1920x1080
Category: 📡卫视频道, Name: 湖南卫视, Total: 49, Valid: 25, Valid Percent: 51.02%, IPv4: 49, IPv6: 0, Min Delay: 18 ms, Max Speed: 5.80 M/s, Avg Speed: 1.88 M/s, Max Resolution: 3840x2160
Category: 📡卫视频道, Name: 北京卫视, Total: 41, Valid: 14, Valid Percent: 34.15%, IPv4: 41, IPv6: 0, Min Delay: 17 ms, Max Speed: 5.51 M/s, Avg Speed: 1.41 M/s, Max Resolution: 1920x1080
Category: 📡卫视频道, Name: 湖北卫视, Total: 41, Valid: 17, Valid Percent: 41.46%, IPv4: 41, IPv6: 0, Min Delay: 393 ms, Max Speed: 5.05 M/s, Avg Speed: 1.09 M/s, Max Resolution: 1920x1080
Category: 📡卫视频道, Name: 黑龙江卫视, Total: 32, Valid: 15, Valid Percent: 46.88%, IPv4: 32, IPv6: 0, Min Delay: 436 ms, Max Speed: 5.55 M/s, Avg Speed: 0.99 M/s, Max Resolution: 1920x1080
Category: 📡卫视频道, Name: 安徽卫视, Total: 39, Valid: 18, Valid Percent: 46.15%, IPv4: 39, IPv6: 0, Min Delay: 800 ms, Max Speed: 4.55 M/s, Avg Speed: 0.94 M/s, Max Resolution: 1920x1080
Category: 📡卫视频道, Name: 重庆卫视, Total: 38, Valid: 15, Valid Percent: 39.47%, IPv4: 38, IPv6: 0, Min Delay: 459 ms, Max Speed: 5.08 M/s, Avg Speed: 1.18 M/s, Max Resolution: 1920x1080
Category: 📡卫视频道, Name: 东方卫视, Total: 37, Valid: 16, Valid Percent: 43.24%, IPv4: 37, IPv6: 0, Min Delay: 382 ms, Max Speed: 5.59 M/s, Avg Speed: 2.47 M/s, Max Resolution: 1920x1080
Category: 📡卫视频道, Name: 东南卫视, Total: 30, Valid: 14, Valid Percent: 46.67%, IPv4: 30, IPv6: 0, Min Delay: 441 ms, Max Speed: 3.89 M/s, Avg Speed: 0.60 M/s, Max Resolution: 1920x1080
Category: 📡卫视频道, Name: 甘肃卫视, Total: 22, Valid: 10, Valid Percent: 45.45%, IPv4: 22, IPv6: 0, Min Delay: 816 ms, Max Speed: 4.83 M/s, Avg Speed: 1.90 M/s, Max Resolution: 1920x1080
Category: 📡卫视频道, Name: 广西卫视, Total: 31, Valid: 11, Valid Percent: 35.48%, IPv4: 31, IPv6: 0, Min Delay: 680 ms, Max Speed: 5.45 M/s, Avg Speed: 1.18 M/s, Max Resolution: 1920x1080
Category: 📡卫视频道, Name: 贵州卫视, Total: 36, Valid: 17, Valid Percent: 47.22%, IPv4: 36, IPv6: 0, Min Delay: 51 ms, Max Speed: 104.50 M/s, Avg Speed: 7.47 M/s, Max Resolution: 1920x1080
Category: 📡卫视频道, Name: 海南卫视, Total: 14, Valid: 3, Valid Percent: 21.43%, IPv4: 14, IPv6: 0, Min Delay: 1049 ms, Max Speed: 0.69 M/s, Avg Speed: 0.40 M/s, Max Resolution: 1920x1080
Category: 📡卫视频道, Name: 河北卫视, Total: 31, Valid: 13, Valid Percent: 41.94%, IPv4: 31, IPv6: 0, Min Delay: 444 ms, Max Speed: 5.20 M/s, Avg Speed: 0.55 M/s, Max Resolution: 1920x1080
Category: 📡卫视频道, Name: 河南卫视, Total: 37, Valid: 13, Valid Percent: 35.14%, IPv4: 37, IPv6: 0, Min Delay: 847 ms, Max Speed: 6.04 M/s, Avg Speed: 1.10 M/s, Max Resolution: 1920x1080
Category: 📡卫视频道, Name: 吉林卫视, Total: 32, Valid: 17, Valid Percent: 53.12%, IPv4: 32, IPv6: 0, Min Delay: 433 ms, Max Speed: 5.42 M/s, Avg Speed: 0.78 M/s, Max Resolution: 1920x1080
Category: 📡卫视频道, Name: 江苏卫视, Total: 42, Valid: 19, Valid Percent: 45.24%, IPv4: 42, IPv6: 0, Min Delay: 426 ms, Max Speed: 5.08 M/s, Avg Speed: 1.97 M/s, Max Resolution: 1920x1080
Category: 📡卫视频道, Name: 江西卫视, Total: 38, Valid: 14, Valid Percent: 36.84%, IPv4: 38, IPv6: 0, Min Delay: 73 ms, Max Speed: 70.84 M/s, Avg Speed: 6.54 M/s, Max Resolution: 1920x1080
Category: 📡卫视频道, Name: 辽宁卫视, Total: 32, Valid: 11, Valid Percent: 34.38%, IPv4: 32, IPv6: 0, Min Delay: 807 ms, Max Speed: 5.02 M/s, Avg Speed: 2.24 M/s, Max Resolution: 1920x1080
Category: 📡卫视频道, Name: 内蒙古卫视, Total: 17, Valid: 8, Valid Percent: 47.06%, IPv4: 17, IPv6: 0, Min Delay: 64 ms, Max Speed: 89.43 M/s, Avg Speed: 20.34 M/s, Max Resolution: 1920x1080
Category: 📡卫视频道, Name: 宁夏卫视, Total: 25, Valid: 11, Valid Percent: 44.00%, IPv4: 25, IPv6: 0, Min Delay: 72 ms, Max Speed: 72.55 M/s, Avg Speed: 16.09 M/s, Max Resolution: 1920x1080
Category: 📡卫视频道, Name: 青海卫视, Total: 21, Valid: 7, Valid Percent: 33.33%, IPv4: 21, IPv6: 0, Min Delay: 917 ms, Max Speed: 4.92 M/s, Avg Speed: 1.64 M/s, Max Resolution: 1920x1080
Category: 📡卫视频道, Name: 山东卫视, Total: 31, Valid: 15, Valid Percent: 48.39%, IPv4: 31, IPv6: 0, Min Delay: 434 ms, Max Speed: 5.14 M/s, Avg Speed: 0.88 M/s, Max Resolution: 1920x1080
Category: 📡卫视频道, Name: 山西卫视, Total: 28, Valid: 12, Valid Percent: 42.86%, IPv4: 28, IPv6: 0, Min Delay: 64 ms, Max Speed: 80.15 M/s, Avg Speed: 12.49 M/s, Max Resolution: 1920x1080
Category: 📡卫视频道, Name: 陕西卫视, Total: 28, Valid: 9, Valid Percent: 32.14%, IPv4: 28, IPv6: 0, Min Delay: 113 ms, Max Speed: 49.27 M/s, Avg Speed: 6.96 M/s, Max Resolution: 1920x1080
Category: 📡卫视频道, Name: 四川卫视, Total: 41, Valid: 16, Valid Percent: 39.02%, IPv4: 41, IPv6: 0, Min Delay: 57 ms, Max Speed: 82.59 M/s, Avg Speed: 8.50 M/s, Max Resolution: 1920x1080
Category: 📡卫视频道, Name: 三沙卫视, Total: 10, Valid: 5, Valid Percent: 50.00%, IPv4: 10, IPv6: 0, Min Delay: 760 ms, Max Speed: 4.11 M/s, Avg Speed: 1.83 M/s, Max Resolution: 1920x1080
Category: 📡卫视频道, Name: 天津卫视, Total: 26, Valid: 13, Valid Percent: 50.00%, IPv4: 26, IPv6: 0, Min Delay: 609 ms, Max Speed: 4.93 M/s, Avg Speed: 0.69 M/s, Max Resolution: 1920x1080
Category: 📡卫视频道, Name: 西藏卫视, Total: 14, Valid: 6, Valid Percent: 42.86%, IPv4: 14, IPv6: 0, Min Delay: 65 ms, Max Speed: 81.47 M/s, Avg Speed: 15.87 M/s, Max Resolution: 1920x1080
Category: 📡卫视频道, Name: 新疆卫视, Total: 18, Valid: 8, Valid Percent: 44.44%, IPv4: 18, IPv6: 0, Min Delay: 66 ms, Max Speed: 83.43 M/s, Avg Speed: 12.01 M/s, Max Resolution: 1920x1080
Category: 🏀体育频道, Name: 劲爆体育, Total: 2, Valid: 0, Valid Percent: 0.00%, IPv4: 2, IPv6: 0, Min Delay: -1 ms, Max Speed: 0.00 M/s, Avg Speed: 0.00 M/s, Max Resolution: None
Category: 📡卫视频道, Name: 云南卫视, Total: 28, Valid: 11, Valid Percent: 39.29%, IPv4: 28, IPv6: 0, Min Delay: 114 ms, Max Speed: 49.58 M/s, Avg Speed: 6.10 M/s, Max Resolution: 1920x1080
Category: 🏀体育频道, Name: 天津体育, Total: 3, Valid: 2, Valid Percent: 66.67%, IPv4: 3, IPv6: 0, Min Delay: 64 ms, Max Speed: 2.60 M/s, Avg Speed: 2.55 M/s, Max Resolution: 1280x720
Category: 🏀体育频道, Name: 睛彩篮球, Total: 2, Valid: 0, Valid Percent: 0.00%, IPv4: 2, IPv6: 0, Min Delay: -1 ms, Max Speed: 0.00 M/s, Avg Speed: 0.00 M/s, Max Resolution: None
Category: 🏀体育频道, Name: 五星体育, Total: 5, Valid: 1, Valid Percent: 20.00%, IPv4: 5, IPv6: 0, Min Delay: 1021 ms, Max Speed: 0.70 M/s, Avg Speed: 0.70 M/s, Max Resolution: 1920x1080
Category: 🏀体育频道, Name: 辽宁体育, Total: 1, Valid: 1, Valid Percent: 100.00%, IPv4: 1, IPv6: 0, Min Delay: 5955 ms, Max Speed: 0.10 M/s, Avg Speed: 0.10 M/s, Max Resolution: 1920x1080
Category: 🏀体育频道, Name: 魅力足球, Total: 1, Valid: 0, Valid Percent: 0.00%, IPv4: 1, IPv6: 0, Min Delay: -1 ms, Max Speed: 0.00 M/s, Avg Speed: 0.00 M/s, Max Resolution: None
Category: 🏀体育频道, Name: 天元围棋, Total: 1, Valid: 1, Valid Percent: 100.00%, IPv4: 1, IPv6: 0, Min Delay: 848 ms, Max Speed: 4.65 M/s, Avg Speed: 4.65 M/s, Max Resolution: 1920x1080
Category: 🏀体育频道, Name: 风云足球, Total: 6, Valid: 5, Valid Percent: 83.33%, IPv4: 6, IPv6: 0, Min Delay: 879 ms, Max Speed: 5.14 M/s, Avg Speed: 3.77 M/s, Max Resolution: 1920x1080
Category: 🏀体育频道, Name: 体育赛事, Total: 1, Valid: 0, Valid Percent: 0.00%, IPv4: 1, IPv6: 0, Min Delay: -1 ms, Max Speed: 0.00 M/s, Avg Speed: 0.00 M/s, Max Resolution: None
Category: 🏀体育频道, Name: 快乐垂钓, Total: 6, Valid: 1, Valid Percent: 16.67%, IPv4: 6, IPv6: 0, Min Delay: 444 ms, Max Speed: 0.02 M/s, Avg Speed: 0.02 M/s, Max Resolution: 1920x1080
Category: 🏀体育频道, Name: 山东体育, Total: 3, Valid: 1, Valid Percent: 33.33%, IPv4: 3, IPv6: 0, Min Delay: 5520 ms, Max Speed: 0.02 M/s, Avg Speed: 0.02 M/s, Max Resolution: 1920x1080
Category: 🏀体育频道, Name: 安徽综艺体育, Total: 1, Valid: 0, Valid Percent: 0.00%, IPv4: 1, IPv6: 0, Min Delay: -1 ms, Max Speed: 0.00 M/s, Avg Speed: 0.00 M/s, Max Resolution: None
Category: 🏀体育频道, Name: 睛彩广场舞, Total: 4, Valid: 0, Valid Percent: 0.00%, IPv4: 4, IPv6: 0, Min Delay: -1 ms, Max Speed: 0.00 M/s, Avg Speed: 0.00 M/s, Max Resolution: None
Category: 🏀体育频道, Name: JJ斗地主, Total: 10, Valid: 0, Valid Percent: 0.00%, IPv4: 10, IPv6: 0, Min Delay: -1 ms, Max Speed: 0.00 M/s, Avg Speed: 0.00 M/s, Max Resolution: None
